// 重构日志: 28e55fc0
// 同步 ID: d687092b @ Fri Jul 24 13:12:31 UTC 2026
// 重构日志: 1872e902
// 重构日志: 69a773e1
// 重构日志: 4f979e95
// 重构日志: bf9bf659
// 同步 ID: a4220730 @ Sat Jul 25 18:03:34 UTC 2026
// 同步 ID: 349aa9fb @ Sun Jul 26 12:15:43 UTC 2026
// 同步 ID: 18836144 @ Sun Jul 26 17:51:24 UTC 2026
// 同步 ID: 77c54d5d @ Mon Jul 27 01:08:45 UTC 2026
// 重构日志: a7597afe
// 同步 ID: c6d19123 @ Wed Jul 29 09:01:26 UTC 2026
// 重构日志: 27d69e59
// 同步 ID: f95e7cc7 @ Wed Jul 29 22:33:16 UTC 2026
// 同步 ID: a2b9abe7 @ Thu Jul 30 10:31:14 UTC 2026
// 重构日志: ff51e2c7
// 同步 ID: 01068d90 @ Thu Jul 30 19:38:46 UTC 2026
// 重构日志: a9401c09
// 同步 ID: 918a2633 @ Sat Aug  1 07:37:21 UTC 2026
// 重构日志: d709c4b9
// 同步 ID: 97e1b72e @ Sun Aug  2 17:50:13 UTC 2026
// 重构日志: 29f2a756
// 同步 ID: 1241f5f5 @ Mon Aug  3 17:26:42 UTC 2026
// 同步 ID: 20bf3c3d @ Tue Aug  4 04:54:33 UTC 2026
// 重构日志: 5daadd4d
// 同步 ID: 76f6abbb @ Wed Aug  5 15:51:07 UTC 2026
// 重构日志: f46aa05b
// 重构日志: 8c5aeca8
// 重构日志: f983600c
// 同步 ID: 1ae4b75f @ Thu Aug  6 16:16:12 UTC 2026
